// Jest Snapshot v1, https://goo.gl/fbAQLP

exports[`AuthenticationForm should render correctly 1`] = `
<div>
  <input
    name="userEmail"
    onChange={[Function]}
    type="text"
  />
  <input
    name="userName"
    onChange={[Function]}
    type="text"
  />
  <input
    name="userPassword"
    onChange={[Function]}
    type="text"
  />
  <button
    onClick={[Function]}
    type="submit"
  >
    Send new user registration data
  </button>
</div>
`;
