// Jest Snapshot v1, https://goo.gl/fbAQLP

exports[`SimpleDataForm should render correctly 1`] = `
<form
  className="simpleDataForm"
  onSubmit={[Function]}
>
  <h4 />
  <input
    name="userMessage"
    onChange={[Function]}
    type="text"
    value=""
  />
  <button
    type="submit"
  />
</form>
`;
